BL51 BANKED LINKER/LOCATER V6.22                                                        11/23/2023  22:06:51  PAGE 1


BL51 BANKED LINKER/LOCATER V6.22, INVOKED BY:
D:\软件安装\KEIL5\C51\BIN\BL51.EXE .\Objects\test_2.obj TO .\Objects\test_2 PRINT (.\Listings\test_2.m51) RAMSIZE (256)


MEMORY MODEL: SMALL


INPUT MODULES INCLUDED:
  .\Objects\test_2.obj (TEST_2)
  D:\软件安装\KEIL5\C51\LIB\C51S.LIB (?C_STARTUP)
  D:\软件安装\KEIL5\C51\LIB\C51S.LIB (?C_INIT)


LINK MAP OF MODULE:  .\Objects\test_2 (TEST_2)


            TYPE    BASE      LENGTH    RELOCATION   SEGMENT NAME
            -----------------------------------------------------

            * * * * * * *   D A T A   M E M O R Y   * * * * * * *
            REG     0000H     0008H     ABSOLUTE     "REG BANK 0"
            DATA    0008H     0001H     UNIT         ?DT?TEST_2
            IDATA   0009H     0001H     UNIT         ?STACK

            * * * * * * *   C O D E   M E M O R Y   * * * * * * *
            CODE    0000H     0003H     ABSOLUTE     
            CODE    0003H     00A6H     UNIT         ?PR?KEYVALUE?TEST_2
            CODE    00A9H     008CH     UNIT         ?C_C51STARTUP
            CODE    0135H     001EH     UNIT         ?PR?_DELAY?TEST_2
            CODE    0153H     0014H     UNIT         ?PR?MAIN?TEST_2
            CODE    0167H     0014H     UNIT         ?CO?TEST_2
            CODE    017BH     0004H     UNIT         ?C_INITSEG



OVERLAY MAP OF MODULE:   .\Objects\test_2 (TEST_2)


SEGMENT
  +--> CALLED SEGMENT
---------------------
?C_C51STARTUP
  +--> ?PR?MAIN?TEST_2
  +--> ?C_INITSEG

?PR?MAIN?TEST_2
  +--> ?PR?KEYVALUE?TEST_2
  +--> ?CO?TEST_2

?PR?KEYVALUE?TEST_2
  +--> ?PR?_DELAY?TEST_2



SYMBOL TABLE OF MODULE:  .\Objects\test_2 (TEST_2)

  VALUE           TYPE          NAME
  ----------------------------------
BL51 BANKED LINKER/LOCATER V6.22                                                      11/23/2023  22:06:51  PAGE 2



  -------         MODULE        TEST_2
  C:0000H         SYMBOL        _ICE_DUMMY_
  D:0080H         PUBLIC        P0
  D:0090H         PUBLIC        P1
  D:00A0H         PUBLIC        P2
  D:00B0H         PUBLIC        P3
  D:00A8H         PUBLIC        IE
  C:0135H         PUBLIC        _delay
  D:00B8H         PUBLIC        IP
  C:0153H         PUBLIC        main
  C:0167H         PUBLIC        dula
  C:0003H         PUBLIC        KeyValue
  D:0098H         PUBLIC        SCON
  D:0088H         PUBLIC        TCON
  D:0008H         PUBLIC        key
  B:00A0H.6       PUBLIC        du
  B:00A0H.7       PUBLIC        we
  D:00C8H         PUBLIC        T2CON
  D:00D0H         PUBLIC        PSW
  -------         PROC          _DELAY
  D:0006H         SYMBOL        z
  -------         DO            
  D:0006H         SYMBOL        x
  D:0004H         SYMBOL        y
  -------         ENDDO         
  C:0135H         LINE#         10
  C:0135H         LINE#         11
  C:0135H         LINE#         13
  C:013EH         LINE#         14
  C:0152H         LINE#         15
  -------         ENDPROC       _DELAY
  -------         PROC          KEYVALUE
  C:0003H         LINE#         17
  C:0003H         LINE#         18
  C:0003H         LINE#         19
  C:0006H         LINE#         20
  C:000CH         LINE#         21
  C:000CH         LINE#         22
  C:0013H         LINE#         23
  C:0019H         LINE#         24
  C:0019H         LINE#         25
  C:002CH         LINE#         26
  C:002CH         LINE#         27
  C:0031H         LINE#         28
  C:0036H         LINE#         29
  C:003BH         LINE#         30
  C:003EH         LINE#         31
  C:003EH         LINE#         32
  C:0041H         LINE#         33
  C:0053H         LINE#         34
  C:0053H         LINE#         35
  C:0058H         LINE#         36
  C:005CH         LINE#         37
  C:0060H         LINE#         38
  C:0066H         LINE#         39
  C:0066H         LINE#         41
BL51 BANKED LINKER/LOCATER V6.22                                                      11/23/2023  22:06:51  PAGE 3


  C:006BH         LINE#         42
  C:006BH         LINE#         44
  C:006BH         LINE#         45
  C:006EH         LINE#         46
  C:0073H         LINE#         47
  C:0073H         LINE#         48
  C:007AH         LINE#         49
  C:007FH         LINE#         50
  C:007FH         LINE#         51
  C:0091H         LINE#         52
  C:0091H         LINE#         53
  C:0096H         LINE#         54
  C:009BH         LINE#         55
  C:00A0H         LINE#         56
  C:00A3H         LINE#         57
  C:00A3H         LINE#         59
  C:00A8H         LINE#         60
  C:00A8H         LINE#         61
  C:00A8H         LINE#         63
  -------         ENDPROC       KEYVALUE
  -------         PROC          MAIN
  C:0153H         LINE#         82
  C:0153H         LINE#         83
  C:0153H         LINE#         87
  C:0156H         LINE#         88
  C:0158H         LINE#         89
  C:015AH         LINE#         91
  C:015AH         LINE#         92
  C:015AH         LINE#         93
  C:015DH         LINE#         94
  C:0165H         LINE#         95
  -------         ENDPROC       MAIN
  -------         ENDMOD        TEST_2

Program Size: data=10.0 xdata=0 code=383
LINK/LOCATE RUN COMPLETE.  0 WARNING(S),  0 ERROR(S)
