BL51 BANKED LINKER/LOCATER V6.22.4.0                                                    11/27/2023  19:55:38  PAGE 1


BL51 BANKED LINKER/LOCATER V6.22.4.0, INVOKED BY:
E:\KEIL_V5\C51\BIN\BL51.EXE .\Objects\test.obj TO .\Objects\test PRINT (.\Listings\test.m51) RAMSIZE (256)


MEMORY MODEL: SMALL


INPUT MODULES INCLUDED:
  .\Objects\test.obj (TEST)
  E:\KEIL_V5\C51\LIB\C51S.LIB (?C_STARTUP)


LINK MAP OF MODULE:  .\Objects\test (TEST)


            TYPE    BASE      LENGTH    RELOCATION   SEGMENT NAME
            -----------------------------------------------------

            * * * * * * *   D A T A   M E M O R Y   * * * * * * *
            REG     0000H     0008H     ABSOLUTE     "REG BANK 0"
            DATA    0008H     0002H     UNIT         ?DT?TEST
            IDATA   000AH     0001H     UNIT         ?STACK

            * * * * * * *   C O D E   M E M O R Y   * * * * * * *
            CODE    0000H     0003H     ABSOLUTE     
            CODE    0003H     002BH     UNIT         ?PR?MAIN?TEST
            CODE    002EH     001EH     UNIT         ?PR?_DELAY?TEST
            CODE    004CH     000CH     UNIT         ?C_C51STARTUP



OVERLAY MAP OF MODULE:   .\Objects\test (TEST)


SEGMENT
  +--> CALLED SEGMENT
---------------------
?C_C51STARTUP
  +--> ?PR?MAIN?TEST

?PR?MAIN?TEST
  +--> ?PR?_DELAY?TEST



SYMBOL TABLE OF MODULE:  .\Objects\test (TEST)

  VALUE           TYPE          NAME
  ----------------------------------

  -------         MODULE        TEST
  C:0000H         SYMBOL        _ICE_DUMMY_
  D:0090H         PUBLIC        P1
  D:00B0H         PUBLIC        P3
  D:00A8H         PUBLIC        IE
  C:002EH         PUBLIC        _delay
  D:00B8H         PUBLIC        IP
  C:0003H         PUBLIC        main
BL51 BANKED LINKER/LOCATER V6.22.4.0                                                  11/27/2023  19:55:38  PAGE 2


  D:0008H         PUBLIC        teep
  D:0098H         PUBLIC        SCON
  D:0088H         PUBLIC        TCON
  D:00C8H         PUBLIC        T2CON
  D:00D0H         PUBLIC        PSW
  -------         PROC          _DELAY
  D:0006H         SYMBOL        z
  -------         DO            
  D:0006H         SYMBOL        x
  D:0004H         SYMBOL        y
  -------         ENDDO         
  C:002EH         LINE#         6
  C:002EH         LINE#         7
  C:002EH         LINE#         9
  C:0037H         LINE#         10
  C:004BH         LINE#         11
  -------         ENDPROC       _DELAY
  -------         PROC          MAIN
  C:0003H         LINE#         12
  C:0003H         LINE#         13
  C:0003H         LINE#         14
  C:0009H         LINE#         15
  C:000CH         LINE#         16
  C:0013H         LINE#         17
  C:0013H         LINE#         18
  C:0013H         LINE#         19
  C:0023H         LINE#         20
  C:0025H         LINE#         21
  C:002CH         LINE#         22
  -------         ENDPROC       MAIN
  -------         ENDMOD        TEST

Program Size: data=11.0 xdata=0 code=88
LINK/LOCATE RUN COMPLETE.  0 WARNING(S),  0 ERROR(S)
