C51 COMPILER V9.60.7.0   MAIN                                                              02/04/2024 14:49:07 PAGE 1   


C51 COMPILER V9.60.7.0, COMPILATION OF MODULE MAIN
OBJECT MODULE PLACED IN .\Objects\main.obj
COMPILER INVOKED BY: E:\Keil_v5\C51\BIN\C51.EXE main.c OPTIMIZE(8,SPEED) BROWSE DEBUG OBJECTEXTEND PRINT(.\Listings\main
                    -.lst) TABS(2) OBJECT(.\Objects\main.obj)

line level    source

   1          #include<reg52.h>
   2          #define uint unsigned int
   3          #define uchar unsigned char
   4          uint key = 20;  
   5          sbit  LED1 = P1^0;
   6          sbit  LED2 = P1^1;
   7          sbit  LED3 = P1^2;
   8          sbit  LED4 = P1^3;
   9          
  10            
  11          void delay(uint z)
  12          {
  13   1          uint x, y;
  14   1          for (x = z; x > 0; x--)
  15   1              for (y = 114; y > 0; y--)
  16   1                  ;
  17   1      }
  18          void KeyValue()
  19          {
  20   1            P3 = 0XF0;
  21   1            if(P3!= 0XF0)
  22   1            {
  23   2              delay(20);
  24   2              if(P3!= 0XF0)
  25   2              {
  26   3                  switch(P3)
  27   3                  {
  28   4                    case 0XE0:key = 0;break;
  29   4                    case 0XD0:key = 1;break;
  30   4                    case 0XB0:key = 2;break;
  31   4                    case 0X70:key = 3;break;
  32   4                  }
  33   3                  P3 = 0X0F;
  34   3                  switch(P3)
  35   3                  {
  36   4                    case 0X0E:key = key;break;
  37   4                    case 0X0D:key = key+4;break;
  38   4                    case 0X0B:key = key+8;break;
  39   4                    case 0X07:key = key+12;break;
  40   4                  }
  41   3              
  42   3                  while(P3!=0x0F);
  43   3              }
  44   2              
  45   2            } 
  46   1            P3=0xFF;
  47   1            if(P3!= 0XFF)
  48   1            {
  49   2              delay(20);
  50   2              if(P3!= 0XFF)
  51   2              {
  52   3                  switch(P3)
  53   3                  {
  54   4                    case 0XFE:key = 16;break;
C51 COMPILER V9.60.7.0   MAIN                                                              02/04/2024 14:49:07 PAGE 2   

  55   4                    case 0XFD:key = 17;break;
  56   4                    case 0XFB:key = 18;break;
  57   4                    case 0XF7:key = 19;break;
  58   4                  }
  59   3              
  60   3                  while(P3 != 0xFF);
  61   3              }
  62   2            }
  63   1              
  64   1      }
  65          
  66          void main()
  67          {
  68   1        int a = 1;
  69   1          int b = 1;
  70   1          int c = 1;
  71   1          int d = 1;
  72   1        while(1)
  73   1        {
  74   2          
  75   2          KeyValue();
  76   2          switch(key)
  77   2          {
  78   3                    case 16:a = !a,LED1 = a;break;
  79   3                    case 17:b = !b,LED2 = b;break;
  80   3                    case 18:c = !c,LED3 = c;break;
  81   3                    case 19:d = !d,LED4 = d;break;
  82   3          }
  83   2        }
  84   1      }


MODULE INFORMATION:   STATIC OVERLAYABLE
   CODE SIZE        =    375    ----
   CONSTANT SIZE    =   ----    ----
   XDATA SIZE       =   ----    ----
   PDATA SIZE       =   ----    ----
   DATA SIZE        =      2       8
   IDATA SIZE       =   ----    ----
   BIT SIZE         =   ----    ----
END OF MODULE INFORMATION.


C51 COMPILATION COMPLETE.  0 WARNING(S),  0 ERROR(S)
